-- Found ament_cmake: 1.3.11 (/opt/ros/humble/share/ament_cmake/cmake)
-- Found rclcpp: 16.0.12 (/opt/ros/humble/share/rclcpp/cmake)
-- Found rosidl_generator_c: 3.1.6 (/opt/ros/humble/share/rosidl_generator_c/cmake)
-- Found rosidl_adapter: 3.1.6 (/opt/ros/humble/share/rosidl_adapter/cmake)
-- Found rosidl_generator_cpp: 3.1.6 (/opt/ros/humble/share/rosidl_generator_cpp/cmake)
-- Using all available rosidl_typesupport_c: rosidl_typesupport_fastrtps_c;rosidl_typesupport_introspection_c
-- Using all available rosidl_typesupport_cpp: rosidl_typesupport_fastrtps_cpp;rosidl_typesupport_introspection_cpp
-- Found rmw_implementation_cmake: 6.1.2 (/opt/ros/humble/share/rmw_implementation_cmake/cmake)
-- Found rmw_fastrtps_cpp: 6.2.7 (/opt/ros/humble/share/rmw_fastrtps_cpp/cmake)
-- Using RMW implementation 'rmw_fastrtps_cpp' as default
-- Found phasespace_msgs: 0.0.0 (/home/ubuntu2204/ros2_ws/install/phasespace_msgs/share/phasespace_msgs/cmake)
-- Configuring done
-- Generating done
-- Build files have been written to: /home/ubuntu2204/ros2_ws/build/phasespace_client
[ 50%] [32mBuilding CXX object CMakeFiles/psnode.dir/src/psnode.cpp.o[0m
[ 50%] [32mBuilding CXX object CMakeFiles/listener.dir/src/listener.cpp.o[0m
[ 75%] [32m[1mLinking CXX executable psnode[0m
[100%] [32m[1mLinking CXX executable listener[0m
[100%] Built target psnode
[100%] Built target listener
-- Install configuration: "Release"
-- Installing: /home/ubuntu2204/ros2_ws/install/phasespace_client/lib/phasespace_client/psnode
-- Set runtime path of "/home/ubuntu2204/ros2_ws/install/phasespace_client/lib/phasespace_client/psnode" to ""
-- Installing: /home/ubuntu2204/ros2_ws/install/phasespace_client/lib/phasespace_client/listener
-- Set runtime path of "/home/ubuntu2204/ros2_ws/install/phasespace_client/lib/phasespace_client/listener" to ""
-- Installing: /home/ubuntu2204/ros2_ws/install/phasespace_client/share/phasespace_client/launch
-- Installing: /home/ubuntu2204/ros2_ws/install/phasespace_client/share/phasespace_client/launch/phasespace.launch.py
-- Installing: /home/ubuntu2204/ros2_ws/install/phasespace_client/share/ament_index/resource_index/package_run_dependencies/phasespace_client
-- Installing: /home/ubuntu2204/ros2_ws/install/phasespace_client/share/ament_index/resource_index/parent_prefix_path/phasespace_client
-- Installing: /home/ubuntu2204/ros2_ws/install/phasespace_client/share/phasespace_client/environment/ament_prefix_path.sh
-- Installing: /home/ubuntu2204/ros2_ws/install/phasespace_client/share/phasespace_client/environment/ament_prefix_path.dsv
-- Installing: /home/ubuntu2204/ros2_ws/install/phasespace_client/share/phasespace_client/environment/path.sh
-- Installing: /home/ubuntu2204/ros2_ws/install/phasespace_client/share/phasespace_client/environment/path.dsv
-- Installing: /home/ubuntu2204/ros2_ws/install/phasespace_client/share/phasespace_client/local_setup.bash
-- Installing: /home/ubuntu2204/ros2_ws/install/phasespace_client/share/phasespace_client/local_setup.sh
-- Installing: /home/ubuntu2204/ros2_ws/install/phasespace_client/share/phasespace_client/local_setup.zsh
-- Installing: /home/ubuntu2204/ros2_ws/install/phasespace_client/share/phasespace_client/local_setup.dsv
-- Installing: /home/ubuntu2204/ros2_ws/install/phasespace_client/share/phasespace_client/package.dsv
-- Installing: /home/ubuntu2204/ros2_ws/install/phasespace_client/share/ament_index/resource_index/packages/phasespace_client
-- Installing: /home/ubuntu2204/ros2_ws/install/phasespace_client/share/phasespace_client/cmake/phasespace_clientConfig.cmake
-- Installing: /home/ubuntu2204/ros2_ws/install/phasespace_client/share/phasespace_client/cmake/phasespace_clientConfig-version.cmake
-- Installing: /home/ubuntu2204/ros2_ws/install/phasespace_client/share/phasespace_client/package.xml
