[0.007s] Invoking command in '/home/ubuntu2204/ros2_ws/build/phasespace_client': CMAKE_PREFIX_PATH=/home/ubuntu2204/ros2_ws/install/phasespace_msgs:/home/ubuntu2204/ros2_ws/install/phasespace_client:/opt/ros/humble /usr/bin/cmake /home/ubuntu2204/ros2_ws/src/phasespace_client -DCMAKE_INSTALL_PREFIX=/home/ubuntu2204/ros2_ws/install/phasespace_client
[0.018s] -- Found ament_cmake: 1.3.11 (/opt/ros/humble/share/ament_cmake/cmake)
[0.100s] -- Found rclcpp: 16.0.12 (/opt/ros/humble/share/rclcpp/cmake)
[0.114s] -- Found rosidl_generator_c: 3.1.6 (/opt/ros/humble/share/rosidl_generator_c/cmake)
[0.115s] -- Found rosidl_adapter: 3.1.6 (/opt/ros/humble/share/rosidl_adapter/cmake)
[0.119s] -- Found rosidl_generator_cpp: 3.1.6 (/opt/ros/humble/share/rosidl_generator_cpp/cmake)
[0.123s] -- Using all available rosidl_typesupport_c: rosidl_typesupport_fastrtps_c;rosidl_typesupport_introspection_c
[0.130s] -- Using all available rosidl_typesupport_cpp: rosidl_typesupport_fastrtps_cpp;rosidl_typesupport_introspection_cpp
[0.147s] -- Found rmw_implementation_cmake: 6.1.2 (/opt/ros/humble/share/rmw_implementation_cmake/cmake)
[0.147s] -- Found rmw_fastrtps_cpp: 6.2.7 (/opt/ros/humble/share/rmw_fastrtps_cpp/cmake)
[0.204s] -- Using RMW implementation 'rmw_fastrtps_cpp' as default
[0.230s] -- Found phasespace_msgs: 0.0.0 (/home/ubuntu2204/ros2_ws/install/phasespace_msgs/share/phasespace_msgs/cmake)
[0.284s] -- Configuring done
[0.290s] -- Generating done
[0.293s] -- Build files have been written to: /home/ubuntu2204/ros2_ws/build/phasespace_client
[0.299s] Invoked command in '/home/ubuntu2204/ros2_ws/build/phasespace_client' returned '0': CMAKE_PREFIX_PATH=/home/ubuntu2204/ros2_ws/install/phasespace_msgs:/home/ubuntu2204/ros2_ws/install/phasespace_client:/opt/ros/humble /usr/bin/cmake /home/ubuntu2204/ros2_ws/src/phasespace_client -DCMAKE_INSTALL_PREFIX=/home/ubuntu2204/ros2_ws/install/phasespace_client
[0.300s] Invoking command in '/home/ubuntu2204/ros2_ws/build/phasespace_client': CMAKE_PREFIX_PATH=/home/ubuntu2204/ros2_ws/install/phasespace_msgs:/home/ubuntu2204/ros2_ws/install/phasespace_client:/opt/ros/humble /usr/bin/cmake --build /home/ubuntu2204/ros2_ws/build/phasespace_client -- -j20 -l20
[0.334s] [ 50%] [32mBuilding CXX object CMakeFiles/psnode.dir/src/psnode.cpp.o[0m
[0.334s] [ 50%] [32mBuilding CXX object CMakeFiles/listener.dir/src/listener.cpp.o[0m
[5.821s] [ 75%] [32m[1mLinking CXX executable psnode[0m
[5.856s] [100%] [32m[1mLinking CXX executable listener[0m
[5.907s] [100%] Built target psnode
[5.949s] [100%] Built target listener
[5.957s] Invoked command in '/home/ubuntu2204/ros2_ws/build/phasespace_client' returned '0': CMAKE_PREFIX_PATH=/home/ubuntu2204/ros2_ws/install/phasespace_msgs:/home/ubuntu2204/ros2_ws/install/phasespace_client:/opt/ros/humble /usr/bin/cmake --build /home/ubuntu2204/ros2_ws/build/phasespace_client -- -j20 -l20
[5.963s] Invoking command in '/home/ubuntu2204/ros2_ws/build/phasespace_client': CMAKE_PREFIX_PATH=/home/ubuntu2204/ros2_ws/install/phasespace_msgs:/home/ubuntu2204/ros2_ws/install/phasespace_client:/opt/ros/humble /usr/bin/cmake --install /home/ubuntu2204/ros2_ws/build/phasespace_client
[5.966s] -- Install configuration: "Release"
[5.966s] -- Installing: /home/ubuntu2204/ros2_ws/install/phasespace_client/lib/phasespace_client/psnode
[5.967s] -- Set runtime path of "/home/ubuntu2204/ros2_ws/install/phasespace_client/lib/phasespace_client/psnode" to ""
[5.967s] -- Installing: /home/ubuntu2204/ros2_ws/install/phasespace_client/lib/phasespace_client/listener
[5.967s] -- Set runtime path of "/home/ubuntu2204/ros2_ws/install/phasespace_client/lib/phasespace_client/listener" to ""
[5.967s] -- Installing: /home/ubuntu2204/ros2_ws/install/phasespace_client/share/phasespace_client/launch
[5.967s] -- Installing: /home/ubuntu2204/ros2_ws/install/phasespace_client/share/phasespace_client/launch/phasespace.launch.py
[5.967s] -- Installing: /home/ubuntu2204/ros2_ws/install/phasespace_client/share/ament_index/resource_index/package_run_dependencies/phasespace_client
[5.967s] -- Installing: /home/ubuntu2204/ros2_ws/install/phasespace_client/share/ament_index/resource_index/parent_prefix_path/phasespace_client
[5.967s] -- Installing: /home/ubuntu2204/ros2_ws/install/phasespace_client/share/phasespace_client/environment/ament_prefix_path.sh
[5.967s] -- Installing: /home/ubuntu2204/ros2_ws/install/phasespace_client/share/phasespace_client/environment/ament_prefix_path.dsv
[5.967s] -- Installing: /home/ubuntu2204/ros2_ws/install/phasespace_client/share/phasespace_client/environment/path.sh
[5.968s] -- Installing: /home/ubuntu2204/ros2_ws/install/phasespace_client/share/phasespace_client/environment/path.dsv
[5.968s] -- Installing: /home/ubuntu2204/ros2_ws/install/phasespace_client/share/phasespace_client/local_setup.bash
[5.968s] -- Installing: /home/ubuntu2204/ros2_ws/install/phasespace_client/share/phasespace_client/local_setup.sh
[5.968s] -- Installing: /home/ubuntu2204/ros2_ws/install/phasespace_client/share/phasespace_client/local_setup.zsh
[5.968s] -- Installing: /home/ubuntu2204/ros2_ws/install/phasespace_client/share/phasespace_client/local_setup.dsv
[5.968s] -- Installing: /home/ubuntu2204/ros2_ws/install/phasespace_client/share/phasespace_client/package.dsv
[5.968s] -- Installing: /home/ubuntu2204/ros2_ws/install/phasespace_client/share/ament_index/resource_index/packages/phasespace_client
[5.968s] -- Installing: /home/ubuntu2204/ros2_ws/install/phasespace_client/share/phasespace_client/cmake/phasespace_clientConfig.cmake
[5.968s] -- Installing: /home/ubuntu2204/ros2_ws/install/phasespace_client/share/phasespace_client/cmake/phasespace_clientConfig-version.cmake
[5.968s] -- Installing: /home/ubuntu2204/ros2_ws/install/phasespace_client/share/phasespace_client/package.xml
[5.969s] Invoked command in '/home/ubuntu2204/ros2_ws/build/phasespace_client' returned '0': CMAKE_PREFIX_PATH=/home/ubuntu2204/ros2_ws/install/phasespace_msgs:/home/ubuntu2204/ros2_ws/install/phasespace_client:/opt/ros/humble /usr/bin/cmake --install /home/ubuntu2204/ros2_ws/build/phasespace_client
