[0.006s] Invoking command in '/home/ubuntu2204/ros2_ws/build/phasespace_client': CMAKE_PREFIX_PATH=/home/ubuntu2204/ros2_ws/install/phasespace_msgs:/home/ubuntu2204/ros2_ws/install/phasespace_client:/opt/ros/humble /usr/bin/cmake /home/ubuntu2204/ros2_ws/src/phasespace_client -DCMAKE_INSTALL_PREFIX=/home/ubuntu2204/ros2_ws/install/phasespace_client
[0.050s] -- The C compiler identification is GNU 11.4.0
[0.088s] -- The CXX compiler identification is GNU 11.4.0
[0.093s] -- Detecting C compiler ABI info
[0.143s] -- Detecting C compiler ABI info - done
[0.147s] -- Check for working C compiler: /usr/bin/cc - skipped
[0.147s] -- Detecting C compile features
[0.147s] -- Detecting C compile features - done
[0.149s] -- Detecting CXX compiler ABI info
[0.202s] -- Detecting CXX compiler ABI info - done
[0.206s] -- Check for working CXX compiler: /usr/bin/c++ - skipped
[0.206s] -- Detecting CXX compile features
[0.207s] -- Detecting CXX compile features - done
[0.208s] -- Found ament_cmake: 1.3.11 (/opt/ros/humble/share/ament_cmake/cmake)
[0.426s] -- Found Python3: /usr/bin/python3 (found version "3.10.12") found components: Interpreter 
[0.485s] -- Found rclcpp: 16.0.12 (/opt/ros/humble/share/rclcpp/cmake)
[0.506s] -- Found rosidl_generator_c: 3.1.6 (/opt/ros/humble/share/rosidl_generator_c/cmake)
[0.509s] -- Found rosidl_adapter: 3.1.6 (/opt/ros/humble/share/rosidl_adapter/cmake)
[0.513s] -- Found rosidl_generator_cpp: 3.1.6 (/opt/ros/humble/share/rosidl_generator_cpp/cmake)
[0.518s] -- Using all available rosidl_typesupport_c: rosidl_typesupport_fastrtps_c;rosidl_typesupport_introspection_c
[0.526s] -- Using all available rosidl_typesupport_cpp: rosidl_typesupport_fastrtps_cpp;rosidl_typesupport_introspection_cpp
[0.554s] -- Found rmw_implementation_cmake: 6.1.2 (/opt/ros/humble/share/rmw_implementation_cmake/cmake)
[0.556s] -- Found rmw_fastrtps_cpp: 6.2.7 (/opt/ros/humble/share/rmw_fastrtps_cpp/cmake)
[0.630s] -- Found OpenSSL: /usr/lib/x86_64-linux-gnu/libcrypto.so (found version "3.0.2")  
[0.649s] -- Found FastRTPS: /opt/ros/humble/include  
[0.672s] -- Using RMW implementation 'rmw_fastrtps_cpp' as default
[0.678s] -- Looking for pthread.h
[0.748s] -- Looking for pthread.h - found
[0.748s] -- Performing Test CMAKE_HAVE_LIBC_PTHREAD
[0.827s] -- Performing Test CMAKE_HAVE_LIBC_PTHREAD - Success
[0.828s] -- Found Threads: TRUE  
[0.863s] -- Found phasespace_msgs: 0.0.0 (/home/ubuntu2204/ros2_ws/install/phasespace_msgs/share/phasespace_msgs/cmake)
[0.916s] -- Configuring done
[0.918s] [31mCMake Error at CMakeLists.txt:28 (add_executable):
[0.918s]   Cannot find source file:
[0.918s] 
[0.918s]     src/listener.cpp
[0.918s] 
[0.918s]   Tried extensions .c .C .c++ .cc .cpp .cxx .cu .mpp .m .M .mm .ixx .cppm .h
[0.918s]   .hh .h++ .hm .hpp .hxx .in .txx .f .F .for .f77 .f90 .f95 .f03 .hip .ispc
[0.918s] 
[0.918s] [0m
[0.918s] [31mCMake Error at CMakeLists.txt:28 (add_executable):
[0.918s]   No SOURCES given to target: listener
[0.918s] 
[0.918s] [0m
[0.918s] [0mCMake Generate step failed.  Build files cannot be regenerated correctly.[0m
[0.924s] Invoked command in '/home/ubuntu2204/ros2_ws/build/phasespace_client' returned '1': CMAKE_PREFIX_PATH=/home/ubuntu2204/ros2_ws/install/phasespace_msgs:/home/ubuntu2204/ros2_ws/install/phasespace_client:/opt/ros/humble /usr/bin/cmake /home/ubuntu2204/ros2_ws/src/phasespace_client -DCMAKE_INSTALL_PREFIX=/home/ubuntu2204/ros2_ws/install/phasespace_client
