[0.007s] Invoking command in '/home/ubuntu2204/ros2_ws/build/phasespace_msgs': CMAKE_PREFIX_PATH=${CMAKE_PREFIX_PATH}:/opt/ros/humble /usr/bin/cmake /home/ubuntu2204/ros2_ws/src/phasespace_msgs -DCMAKE_INSTALL_PREFIX=/home/ubuntu2204/ros2_ws/install/phasespace_msgs
[0.111s] -- The C compiler identification is GNU 11.4.0
[0.170s] -- The CXX compiler identification is GNU 11.4.0
[0.177s] -- Detecting C compiler ABI info
[0.252s] -- Detecting C compiler ABI info - done
[0.258s] -- Check for working C compiler: /usr/bin/cc - skipped
[0.259s] -- Detecting C compile features
[0.259s] -- Detecting C compile features - done
[0.262s] -- Detecting CXX compiler ABI info
[0.334s] -- Detecting CXX compiler ABI info - done
[0.338s] -- Check for working CXX compiler: /usr/bin/c++ - skipped
[0.338s] -- Detecting CXX compile features
[0.338s] -- Detecting CXX compile features - done
[0.343s] -- Found ament_cmake: 1.3.11 (/opt/ros/humble/share/ament_cmake/cmake)
[0.583s] -- Found Python3: /usr/bin/python3 (found version "3.10.12") found components: Interpreter 
[0.652s] -- Found rosidl_default_generators: 1.2.0 (/opt/ros/humble/share/rosidl_default_generators/cmake)
[0.656s] -- Using all available rosidl_typesupport_c: rosidl_typesupport_fastrtps_c;rosidl_typesupport_introspection_c
[0.663s] -- Found rosidl_adapter: 3.1.6 (/opt/ros/humble/share/rosidl_adapter/cmake)
[0.697s] -- Using all available rosidl_typesupport_cpp: rosidl_typesupport_fastrtps_cpp;rosidl_typesupport_introspection_cpp
[0.718s] -- Found std_msgs: 4.9.0 (/opt/ros/humble/share/std_msgs/cmake)
[0.736s] -- Found geometry_msgs: 4.9.0 (/opt/ros/humble/share/geometry_msgs/cmake)
[0.921s] -- Found ament_cmake_ros: 0.10.0 (/opt/ros/humble/share/ament_cmake_ros/cmake)
[1.083s] -- Using all available rosidl_typesupport_c: rosidl_typesupport_fastrtps_c;rosidl_typesupport_introspection_c
[1.275s] -- Using all available rosidl_typesupport_cpp: rosidl_typesupport_fastrtps_cpp;rosidl_typesupport_introspection_cpp
[1.289s] -- Found PythonInterp: /usr/bin/python3 (found suitable version "3.10.12", minimum required is "3.6") 
[1.290s] -- Found python_cmake_module: 0.10.0 (/opt/ros/humble/share/python_cmake_module/cmake)
[1.313s] -- Found PythonLibs: /usr/lib/x86_64-linux-gnu/libpython3.10.so (found suitable version "3.10.12", minimum required is "3.5") 
[1.313s] -- Using PYTHON_EXECUTABLE: /usr/bin/python3
[1.313s] -- Using PYTHON_INCLUDE_DIRS: /usr/include/python3.10
[1.313s] -- Using PYTHON_LIBRARIES: /usr/lib/x86_64-linux-gnu/libpython3.10.so
[1.332s] -- Found PythonExtra: .so  
[1.383s] -- Configuring done
[1.407s] -- Generating done
[1.413s] -- Build files have been written to: /home/ubuntu2204/ros2_ws/build/phasespace_msgs
[1.417s] Invoked command in '/home/ubuntu2204/ros2_ws/build/phasespace_msgs' returned '0': CMAKE_PREFIX_PATH=${CMAKE_PREFIX_PATH}:/opt/ros/humble /usr/bin/cmake /home/ubuntu2204/ros2_ws/src/phasespace_msgs -DCMAKE_INSTALL_PREFIX=/home/ubuntu2204/ros2_ws/install/phasespace_msgs
[1.417s] Invoking command in '/home/ubuntu2204/ros2_ws/build/phasespace_msgs': CMAKE_PREFIX_PATH=${CMAKE_PREFIX_PATH}:/opt/ros/humble /usr/bin/cmake --build /home/ubuntu2204/ros2_ws/build/phasespace_msgs -- -j20 -l20
[1.448s] [  1%] [34m[1mGenerating C code for ROS interfaces[0m
[1.456s] [  2%] Built target ament_cmake_python_copy_phasespace_msgs
[1.456s] [  2%] [34m[1mGenerating C++ code for ROS interfaces[0m
[1.562s] running egg_info
[1.568s] creating phasespace_msgs.egg-info
[1.568s] writing phasespace_msgs.egg-info/PKG-INFO
[1.568s] writing dependency_links to phasespace_msgs.egg-info/dependency_links.txt
[1.568s] writing top-level names to phasespace_msgs.egg-info/top_level.txt
[1.568s] writing manifest file 'phasespace_msgs.egg-info/SOURCES.txt'
[1.587s] reading manifest file 'phasespace_msgs.egg-info/SOURCES.txt'
[1.587s] writing manifest file 'phasespace_msgs.egg-info/SOURCES.txt'
[1.607s] [  2%] Built target ament_cmake_python_build_phasespace_msgs_egg
[1.714s] [  2%] Built target phasespace_msgs__cpp
[1.721s] [  9%] [32mBuilding C object CMakeFiles/phasespace_msgs__rosidl_generator_c.dir/rosidl_generator_c/phasespace_msgs/msg/detail/rigid__functions.c.o[0m
[1.721s] [  9%] [32mBuilding C object CMakeFiles/phasespace_msgs__rosidl_generator_c.dir/rosidl_generator_c/phasespace_msgs/msg/detail/markers__functions.c.o[0m
[1.721s] [  9%] [32mBuilding C object CMakeFiles/phasespace_msgs__rosidl_generator_c.dir/rosidl_generator_c/phasespace_msgs/msg/detail/marker__functions.c.o[0m
[1.721s] [  9%] [34m[1mGenerating C++ introspection for ROS interfaces[0m
[1.721s] [  9%] [32mBuilding C object CMakeFiles/phasespace_msgs__rosidl_generator_c.dir/rosidl_generator_c/phasespace_msgs/msg/detail/camera__functions.c.o[0m
[1.721s] [ 12%] [32mBuilding C object CMakeFiles/phasespace_msgs__rosidl_generator_c.dir/rosidl_generator_c/phasespace_msgs/msg/detail/rigids__functions.c.o[0m
[1.721s] [ 14%] [34m[1mGenerating C++ type support for eProsima Fast-RTPS[0m
[1.721s] [ 14%] [32mBuilding C object CMakeFiles/phasespace_msgs__rosidl_generator_c.dir/rosidl_generator_c/phasespace_msgs/msg/detail/cameras__functions.c.o[0m
[1.722s] [ 15%] [34m[1mGenerating C++ type support dispatch for ROS interfaces[0m
[1.765s] [ 16%] [32m[1mLinking C shared library libphasespace_msgs__rosidl_generator_c.so[0m
[1.790s] [ 16%] Built target phasespace_msgs__rosidl_generator_c
[1.796s] [ 18%] [34m[1mGenerating C type support for eProsima Fast-RTPS[0m
[1.798s] [ 19%] [34m[1mGenerating C type support dispatch for ROS interfaces[0m
[1.798s] [ 21%] [34m[1mGenerating C introspection for ROS interfaces[0m
[1.905s] [ 26%] [32mBuilding CXX object CMakeFiles/phasespace_msgs__rosidl_typesupport_cpp.dir/rosidl_typesupport_cpp/phasespace_msgs/msg/camera__type_support.cpp.o[0m
[1.906s] [ 26%] [32mBuilding CXX object CMakeFiles/phasespace_msgs__rosidl_typesupport_cpp.dir/rosidl_typesupport_cpp/phasespace_msgs/msg/rigids__type_support.cpp.o[0m
[1.906s] [ 26%] [32mBuilding CXX object CMakeFiles/phasespace_msgs__rosidl_typesupport_cpp.dir/rosidl_typesupport_cpp/phasespace_msgs/msg/cameras__type_support.cpp.o[0m
[1.906s] [ 26%] [32mBuilding CXX object CMakeFiles/phasespace_msgs__rosidl_typesupport_cpp.dir/rosidl_typesupport_cpp/phasespace_msgs/msg/markers__type_support.cpp.o[0m
[1.906s] [ 28%] [32mBuilding CXX object CMakeFiles/phasespace_msgs__rosidl_typesupport_cpp.dir/rosidl_typesupport_cpp/phasespace_msgs/msg/marker__type_support.cpp.o[0m
[1.906s] [ 29%] [32mBuilding CXX object CMakeFiles/phasespace_msgs__rosidl_typesupport_cpp.dir/rosidl_typesupport_cpp/phasespace_msgs/msg/rigid__type_support.cpp.o[0m
[1.938s] [ 38%] [32mBuilding CXX object CMakeFiles/phasespace_msgs__rosidl_typesupport_introspection_cpp.dir/rosidl_typesupport_introspection_cpp/phasespace_msgs/msg/detail/rigid__type_support.cpp.o[0m
[1.938s] [ 38%] [32mBuilding CXX object CMakeFiles/phasespace_msgs__rosidl_typesupport_introspection_cpp.dir/rosidl_typesupport_introspection_cpp/phasespace_msgs/msg/detail/camera__type_support.cpp.o[0m
[1.938s] [ 38%] [32mBuilding CXX object CMakeFiles/phasespace_msgs__rosidl_typesupport_introspection_cpp.dir/rosidl_typesupport_introspection_cpp/phasespace_msgs/msg/detail/markers__type_support.cpp.o[0m
[1.938s] [ 38%] [32mBuilding CXX object CMakeFiles/phasespace_msgs__rosidl_typesupport_introspection_cpp.dir/rosidl_typesupport_introspection_cpp/phasespace_msgs/msg/detail/marker__type_support.cpp.o[0m
[1.938s] [ 38%] [32mBuilding CXX object CMakeFiles/phasespace_msgs__rosidl_typesupport_introspection_cpp.dir/rosidl_typesupport_introspection_cpp/phasespace_msgs/msg/detail/rigids__type_support.cpp.o[0m
[1.938s] [ 38%] [32mBuilding CXX object CMakeFiles/phasespace_msgs__rosidl_typesupport_introspection_cpp.dir/rosidl_typesupport_introspection_cpp/phasespace_msgs/msg/detail/cameras__type_support.cpp.o[0m
[1.978s] [ 39%] [32mBuilding CXX object CMakeFiles/phasespace_msgs__rosidl_typesupport_fastrtps_cpp.dir/rosidl_typesupport_fastrtps_cpp/phasespace_msgs/msg/detail/dds_fastrtps/marker__type_support.cpp.o[0m
[1.981s] [ 42%] [32mBuilding CXX object CMakeFiles/phasespace_msgs__rosidl_typesupport_fastrtps_cpp.dir/rosidl_typesupport_fastrtps_cpp/phasespace_msgs/msg/detail/dds_fastrtps/markers__type_support.cpp.o[0m
[1.981s] [ 42%] [32mBuilding CXX object CMakeFiles/phasespace_msgs__rosidl_typesupport_fastrtps_cpp.dir/rosidl_typesupport_fastrtps_cpp/phasespace_msgs/msg/detail/dds_fastrtps/camera__type_support.cpp.o[0m
[1.988s] [ 43%] [32mBuilding CXX object CMakeFiles/phasespace_msgs__rosidl_typesupport_fastrtps_cpp.dir/rosidl_typesupport_fastrtps_cpp/phasespace_msgs/msg/detail/dds_fastrtps/rigid__type_support.cpp.o[0m
[1.988s] [ 45%] [32mBuilding CXX object CMakeFiles/phasespace_msgs__rosidl_typesupport_fastrtps_cpp.dir/rosidl_typesupport_fastrtps_cpp/phasespace_msgs/msg/detail/dds_fastrtps/cameras__type_support.cpp.o[0m
[2.058s] [ 46%] [32mBuilding CXX object CMakeFiles/phasespace_msgs__rosidl_typesupport_c.dir/rosidl_typesupport_c/phasespace_msgs/msg/camera__type_support.cpp.o[0m
[2.089s] [ 47%] [32mBuilding CXX object CMakeFiles/phasespace_msgs__rosidl_typesupport_c.dir/rosidl_typesupport_c/phasespace_msgs/msg/cameras__type_support.cpp.o[0m
[2.124s] [ 49%] [32mBuilding CXX object CMakeFiles/phasespace_msgs__rosidl_typesupport_c.dir/rosidl_typesupport_c/phasespace_msgs/msg/marker__type_support.cpp.o[0m
[2.158s] [ 50%] [32mBuilding CXX object CMakeFiles/phasespace_msgs__rosidl_typesupport_c.dir/rosidl_typesupport_c/phasespace_msgs/msg/markers__type_support.cpp.o[0m
[2.163s] [ 52%] [32mBuilding CXX object CMakeFiles/phasespace_msgs__rosidl_typesupport_c.dir/rosidl_typesupport_c/phasespace_msgs/msg/rigid__type_support.cpp.o[0m
[2.168s] [ 54%] [32mBuilding CXX object CMakeFiles/phasespace_msgs__rosidl_typesupport_c.dir/rosidl_typesupport_c/phasespace_msgs/msg/rigids__type_support.cpp.o[0m
[2.168s] [ 54%] [32mBuilding CXX object CMakeFiles/phasespace_msgs__rosidl_typesupport_fastrtps_cpp.dir/rosidl_typesupport_fastrtps_cpp/phasespace_msgs/msg/detail/dds_fastrtps/rigids__type_support.cpp.o[0m
[2.187s] [ 56%] [32m[1mLinking CXX shared library libphasespace_msgs__rosidl_typesupport_cpp.so[0m
[2.204s] [ 61%] [32mBuilding CXX object CMakeFiles/phasespace_msgs__rosidl_typesupport_fastrtps_c.dir/rosidl_typesupport_fastrtps_c/phasespace_msgs/msg/detail/cameras__type_support_c.cpp.o[0m
[2.204s] [ 61%] [32mBuilding CXX object CMakeFiles/phasespace_msgs__rosidl_typesupport_fastrtps_c.dir/rosidl_typesupport_fastrtps_c/phasespace_msgs/msg/detail/markers__type_support_c.cpp.o[0m
[2.204s] [ 61%] [32mBuilding CXX object CMakeFiles/phasespace_msgs__rosidl_typesupport_fastrtps_c.dir/rosidl_typesupport_fastrtps_c/phasespace_msgs/msg/detail/camera__type_support_c.cpp.o[0m
[2.205s] [ 61%] [32mBuilding CXX object CMakeFiles/phasespace_msgs__rosidl_typesupport_fastrtps_c.dir/rosidl_typesupport_fastrtps_c/phasespace_msgs/msg/detail/rigid__type_support_c.cpp.o[0m
[2.205s] [ 63%] [32mBuilding CXX object CMakeFiles/phasespace_msgs__rosidl_typesupport_fastrtps_c.dir/rosidl_typesupport_fastrtps_c/phasespace_msgs/msg/detail/marker__type_support_c.cpp.o[0m
[2.205s] [ 64%] [32m[1mLinking CXX shared library libphasespace_msgs__rosidl_typesupport_c.so[0m
[2.212s] [ 66%] [32mBuilding C object CMakeFiles/phasespace_msgs__rosidl_typesupport_introspection_c.dir/rosidl_typesupport_introspection_c/phasespace_msgs/msg/detail/camera__type_support.c.o[0m
[2.245s] [ 66%] Built target phasespace_msgs__rosidl_typesupport_cpp
[2.250s] [ 66%] Built target phasespace_msgs__rosidl_typesupport_c
[2.250s] [ 67%] [32mBuilding C object CMakeFiles/phasespace_msgs__rosidl_typesupport_introspection_c.dir/rosidl_typesupport_introspection_c/phasespace_msgs/msg/detail/cameras__type_support.c.o[0m
[2.255s] [ 69%] [32mBuilding C object CMakeFiles/phasespace_msgs__rosidl_typesupport_introspection_c.dir/rosidl_typesupport_introspection_c/phasespace_msgs/msg/detail/marker__type_support.c.o[0m
[2.266s] [ 70%] [32mBuilding CXX object CMakeFiles/phasespace_msgs__rosidl_typesupport_fastrtps_c.dir/rosidl_typesupport_fastrtps_c/phasespace_msgs/msg/detail/rigids__type_support_c.cpp.o[0m
[2.292s] [ 71%] [32mBuilding C object CMakeFiles/phasespace_msgs__rosidl_typesupport_introspection_c.dir/rosidl_typesupport_introspection_c/phasespace_msgs/msg/detail/markers__type_support.c.o[0m
[2.299s] [ 73%] [32mBuilding C object CMakeFiles/phasespace_msgs__rosidl_typesupport_introspection_c.dir/rosidl_typesupport_introspection_c/phasespace_msgs/msg/detail/rigid__type_support.c.o[0m
[2.299s] [ 74%] [32mBuilding C object CMakeFiles/phasespace_msgs__rosidl_typesupport_introspection_c.dir/rosidl_typesupport_introspection_c/phasespace_msgs/msg/detail/rigids__type_support.c.o[0m
[2.330s] [ 76%] [32m[1mLinking CXX shared library libphasespace_msgs__rosidl_typesupport_introspection_cpp.so[0m
[2.331s] [ 77%] [32m[1mLinking C shared library libphasespace_msgs__rosidl_typesupport_introspection_c.so[0m
[2.360s] [ 77%] Built target phasespace_msgs__rosidl_typesupport_introspection_c
[2.400s] [ 77%] Built target phasespace_msgs__rosidl_typesupport_introspection_cpp
[2.479s] [ 78%] [32m[1mLinking CXX shared library libphasespace_msgs__rosidl_typesupport_fastrtps_cpp.so[0m
[2.492s] [ 80%] [32m[1mLinking CXX shared library libphasespace_msgs__rosidl_typesupport_fastrtps_c.so[0m
[2.527s] [ 80%] Built target phasespace_msgs__rosidl_typesupport_fastrtps_cpp
[2.542s] [ 80%] Built target phasespace_msgs__rosidl_typesupport_fastrtps_c
[2.556s] [ 80%] Built target phasespace_msgs
[2.571s] [ 81%] [34m[1mGenerating Python code for ROS interfaces[0m
[2.946s] [ 81%] Built target phasespace_msgs__py
[2.963s] [ 87%] [32mBuilding C object CMakeFiles/phasespace_msgs__rosidl_generator_py.dir/rosidl_generator_py/phasespace_msgs/msg/_marker_s.c.o[0m
[2.964s] [ 87%] [32mBuilding C object CMakeFiles/phasespace_msgs__rosidl_generator_py.dir/rosidl_generator_py/phasespace_msgs/msg/_cameras_s.c.o[0m
[2.964s] [ 87%] [32mBuilding C object CMakeFiles/phasespace_msgs__rosidl_generator_py.dir/rosidl_generator_py/phasespace_msgs/msg/_markers_s.c.o[0m
[2.964s] [ 87%] [32mBuilding C object CMakeFiles/phasespace_msgs__rosidl_generator_py.dir/rosidl_generator_py/phasespace_msgs/msg/_rigids_s.c.o[0m
[2.966s] [ 88%] [32mBuilding C object CMakeFiles/phasespace_msgs__rosidl_generator_py.dir/rosidl_generator_py/phasespace_msgs/msg/_camera_s.c.o[0m
[2.966s] [ 90%] [32mBuilding C object CMakeFiles/phasespace_msgs__rosidl_generator_py.dir/rosidl_generator_py/phasespace_msgs/msg/_rigid_s.c.o[0m
[3.056s] [ 91%] [32m[1mLinking C shared library rosidl_generator_py/phasespace_msgs/libphasespace_msgs__rosidl_generator_py.so[0m
[3.081s] [ 91%] Built target phasespace_msgs__rosidl_generator_py
[3.092s] [ 92%] [32mBuilding C object CMakeFiles/phasespace_msgs__rosidl_typesupport_c__pyext.dir/rosidl_generator_py/phasespace_msgs/_phasespace_msgs_s.ep.rosidl_typesupport_c.c.o[0m
[3.094s] [ 94%] [32mBuilding C object CMakeFiles/phasespace_msgs__rosidl_typesupport_fastrtps_c__pyext.dir/rosidl_generator_py/phasespace_msgs/_phasespace_msgs_s.ep.rosidl_typesupport_fastrtps_c.c.o[0m
[3.095s] [ 95%] [32mBuilding C object CMakeFiles/phasespace_msgs__rosidl_typesupport_introspection_c__pyext.dir/rosidl_generator_py/phasespace_msgs/_phasespace_msgs_s.ep.rosidl_typesupport_introspection_c.c.o[0m
[3.149s] [ 97%] [32m[1mLinking C shared library rosidl_generator_py/phasespace_msgs/phasespace_msgs_s__rosidl_typesupport_c.cpython-310-x86_64-linux-gnu.so[0m
[3.151s] [ 98%] [32m[1mLinking C shared library rosidl_generator_py/phasespace_msgs/phasespace_msgs_s__rosidl_typesupport_fastrtps_c.cpython-310-x86_64-linux-gnu.so[0m
[3.153s] [100%] [32m[1mLinking C shared library rosidl_generator_py/phasespace_msgs/phasespace_msgs_s__rosidl_typesupport_introspection_c.cpython-310-x86_64-linux-gnu.so[0m
[3.173s] [100%] Built target phasespace_msgs__rosidl_typesupport_c__pyext
[3.175s] [100%] Built target phasespace_msgs__rosidl_typesupport_fastrtps_c__pyext
[3.176s] [100%] Built target phasespace_msgs__rosidl_typesupport_introspection_c__pyext
[3.184s] Invoked command in '/home/ubuntu2204/ros2_ws/build/phasespace_msgs' returned '0': CMAKE_PREFIX_PATH=${CMAKE_PREFIX_PATH}:/opt/ros/humble /usr/bin/cmake --build /home/ubuntu2204/ros2_ws/build/phasespace_msgs -- -j20 -l20
[3.190s] Invoking command in '/home/ubuntu2204/ros2_ws/build/phasespace_msgs': CMAKE_PREFIX_PATH=${CMAKE_PREFIX_PATH}:/opt/ros/humble /usr/bin/cmake --install /home/ubuntu2204/ros2_ws/build/phasespace_msgs
[3.195s] -- Install configuration: ""
[3.195s] -- Installing: /home/ubuntu2204/ros2_ws/install/phasespace_msgs/share/ament_index/resource_index/rosidl_interfaces/phasespace_msgs
[3.195s] -- Installing: /home/ubuntu2204/ros2_ws/install/phasespace_msgs/include/phasespace_msgs/phasespace_msgs
[3.195s] -- Installing: /home/ubuntu2204/ros2_ws/install/phasespace_msgs/include/phasespace_msgs/phasespace_msgs/msg
[3.195s] -- Installing: /home/ubuntu2204/ros2_ws/install/phasespace_msgs/include/phasespace_msgs/phasespace_msgs/msg/cameras.h
[3.195s] -- Installing: /home/ubuntu2204/ros2_ws/install/phasespace_msgs/include/phasespace_msgs/phasespace_msgs/msg/rigid.h
[3.195s] -- Installing: /home/ubuntu2204/ros2_ws/install/phasespace_msgs/include/phasespace_msgs/phasespace_msgs/msg/rigids.h
[3.195s] -- Installing: /home/ubuntu2204/ros2_ws/install/phasespace_msgs/include/phasespace_msgs/phasespace_msgs/msg/detail
[3.195s] -- Installing: /home/ubuntu2204/ros2_ws/install/phasespace_msgs/include/phasespace_msgs/phasespace_msgs/msg/detail/markers__functions.c
[3.195s] -- Installing: /home/ubuntu2204/ros2_ws/install/phasespace_msgs/include/phasespace_msgs/phasespace_msgs/msg/detail/rigid__functions.h
[3.195s] -- Installing: /home/ubuntu2204/ros2_ws/install/phasespace_msgs/include/phasespace_msgs/phasespace_msgs/msg/detail/cameras__functions.c
[3.195s] -- Installing: /home/ubuntu2204/ros2_ws/install/phasespace_msgs/include/phasespace_msgs/phasespace_msgs/msg/detail/markers__functions.h
[3.195s] -- Installing: /home/ubuntu2204/ros2_ws/install/phasespace_msgs/include/phasespace_msgs/phasespace_msgs/msg/detail/cameras__type_support.h
[3.195s] -- Installing: /home/ubuntu2204/ros2_ws/install/phasespace_msgs/include/phasespace_msgs/phasespace_msgs/msg/detail/marker__functions.c
[3.195s] -- Installing: /home/ubuntu2204/ros2_ws/install/phasespace_msgs/include/phasespace_msgs/phasespace_msgs/msg/detail/rigids__functions.h
[3.195s] -- Installing: /home/ubuntu2204/ros2_ws/install/phasespace_msgs/include/phasespace_msgs/phasespace_msgs/msg/detail/cameras__functions.h
[3.196s] -- Installing: /home/ubuntu2204/ros2_ws/install/phasespace_msgs/include/phasespace_msgs/phasespace_msgs/msg/detail/marker__functions.h
[3.196s] -- Installing: /home/ubuntu2204/ros2_ws/install/phasespace_msgs/include/phasespace_msgs/phasespace_msgs/msg/detail/marker__type_support.h
[3.196s] -- Installing: /home/ubuntu2204/ros2_ws/install/phasespace_msgs/include/phasespace_msgs/phasespace_msgs/msg/detail/camera__functions.c
[3.196s] -- Installing: /home/ubuntu2204/ros2_ws/install/phasespace_msgs/include/phasespace_msgs/phasespace_msgs/msg/detail/cameras__struct.h
[3.196s] -- Installing: /home/ubuntu2204/ros2_ws/install/phasespace_msgs/include/phasespace_msgs/phasespace_msgs/msg/detail/camera__type_support.h
[3.196s] -- Installing: /home/ubuntu2204/ros2_ws/install/phasespace_msgs/include/phasespace_msgs/phasespace_msgs/msg/detail/camera__functions.h
[3.196s] -- Installing: /home/ubuntu2204/ros2_ws/install/phasespace_msgs/include/phasespace_msgs/phasespace_msgs/msg/detail/markers__type_support.h
[3.196s] -- Installing: /home/ubuntu2204/ros2_ws/install/phasespace_msgs/include/phasespace_msgs/phasespace_msgs/msg/detail/rigid__type_support.h
[3.196s] -- Installing: /home/ubuntu2204/ros2_ws/install/phasespace_msgs/include/phasespace_msgs/phasespace_msgs/msg/detail/rigid__struct.h
[3.196s] -- Installing: /home/ubuntu2204/ros2_ws/install/phasespace_msgs/include/phasespace_msgs/phasespace_msgs/msg/detail/rigids__type_support.h
[3.196s] -- Installing: /home/ubuntu2204/ros2_ws/install/phasespace_msgs/include/phasespace_msgs/phasespace_msgs/msg/detail/markers__struct.h
[3.196s] -- Installing: /home/ubuntu2204/ros2_ws/install/phasespace_msgs/include/phasespace_msgs/phasespace_msgs/msg/detail/marker__struct.h
[3.196s] -- Installing: /home/ubuntu2204/ros2_ws/install/phasespace_msgs/include/phasespace_msgs/phasespace_msgs/msg/detail/rigids__struct.h
[3.196s] -- Installing: /home/ubuntu2204/ros2_ws/install/phasespace_msgs/include/phasespace_msgs/phasespace_msgs/msg/detail/rigids__functions.c
[3.196s] -- Installing: /home/ubuntu2204/ros2_ws/install/phasespace_msgs/include/phasespace_msgs/phasespace_msgs/msg/detail/camera__struct.h
[3.196s] -- Installing: /home/ubuntu2204/ros2_ws/install/phasespace_msgs/include/phasespace_msgs/phasespace_msgs/msg/detail/rigid__functions.c
[3.196s] -- Installing: /home/ubuntu2204/ros2_ws/install/phasespace_msgs/include/phasespace_msgs/phasespace_msgs/msg/marker.h
[3.196s] -- Installing: /home/ubuntu2204/ros2_ws/install/phasespace_msgs/include/phasespace_msgs/phasespace_msgs/msg/markers.h
[3.196s] -- Installing: /home/ubuntu2204/ros2_ws/install/phasespace_msgs/include/phasespace_msgs/phasespace_msgs/msg/rosidl_generator_c__visibility_control.h
[3.196s] -- Installing: /home/ubuntu2204/ros2_ws/install/phasespace_msgs/include/phasespace_msgs/phasespace_msgs/msg/camera.h
[3.196s] -- Installing: /home/ubuntu2204/ros2_ws/install/phasespace_msgs/share/phasespace_msgs/environment/library_path.sh
[3.196s] -- Installing: /home/ubuntu2204/ros2_ws/install/phasespace_msgs/share/phasespace_msgs/environment/library_path.dsv
[3.196s] -- Installing: /home/ubuntu2204/ros2_ws/install/phasespace_msgs/lib/libphasespace_msgs__rosidl_generator_c.so
[3.197s] -- Set runtime path of "/home/ubuntu2204/ros2_ws/install/phasespace_msgs/lib/libphasespace_msgs__rosidl_generator_c.so" to ""
[3.197s] -- Up-to-date: /home/ubuntu2204/ros2_ws/install/phasespace_msgs/include/phasespace_msgs/phasespace_msgs
[3.197s] -- Up-to-date: /home/ubuntu2204/ros2_ws/install/phasespace_msgs/include/phasespace_msgs/phasespace_msgs/msg
[3.197s] -- Installing: /home/ubuntu2204/ros2_ws/install/phasespace_msgs/include/phasespace_msgs/phasespace_msgs/msg/rosidl_typesupport_fastrtps_c__visibility_control.h
[3.197s] -- Up-to-date: /home/ubuntu2204/ros2_ws/install/phasespace_msgs/include/phasespace_msgs/phasespace_msgs/msg/detail
[3.197s] -- Installing: /home/ubuntu2204/ros2_ws/install/phasespace_msgs/include/phasespace_msgs/phasespace_msgs/msg/detail/rigid__rosidl_typesupport_fastrtps_c.h
[3.197s] -- Installing: /home/ubuntu2204/ros2_ws/install/phasespace_msgs/include/phasespace_msgs/phasespace_msgs/msg/detail/cameras__rosidl_typesupport_fastrtps_c.h
[3.197s] -- Installing: /home/ubuntu2204/ros2_ws/install/phasespace_msgs/include/phasespace_msgs/phasespace_msgs/msg/detail/camera__rosidl_typesupport_fastrtps_c.h
[3.197s] -- Installing: /home/ubuntu2204/ros2_ws/install/phasespace_msgs/include/phasespace_msgs/phasespace_msgs/msg/detail/marker__rosidl_typesupport_fastrtps_c.h
[3.197s] -- Installing: /home/ubuntu2204/ros2_ws/install/phasespace_msgs/include/phasespace_msgs/phasespace_msgs/msg/detail/markers__rosidl_typesupport_fastrtps_c.h
[3.197s] -- Installing: /home/ubuntu2204/ros2_ws/install/phasespace_msgs/include/phasespace_msgs/phasespace_msgs/msg/detail/rigids__rosidl_typesupport_fastrtps_c.h
[3.197s] -- Installing: /home/ubuntu2204/ros2_ws/install/phasespace_msgs/lib/libphasespace_msgs__rosidl_typesupport_fastrtps_c.so
[3.197s] -- Set runtime path of "/home/ubuntu2204/ros2_ws/install/phasespace_msgs/lib/libphasespace_msgs__rosidl_typesupport_fastrtps_c.so" to ""
[3.197s] -- Up-to-date: /home/ubuntu2204/ros2_ws/install/phasespace_msgs/include/phasespace_msgs/phasespace_msgs
[3.197s] -- Up-to-date: /home/ubuntu2204/ros2_ws/install/phasespace_msgs/include/phasespace_msgs/phasespace_msgs/msg
[3.197s] -- Up-to-date: /home/ubuntu2204/ros2_ws/install/phasespace_msgs/include/phasespace_msgs/phasespace_msgs/msg/detail
[3.197s] -- Installing: /home/ubuntu2204/ros2_ws/install/phasespace_msgs/include/phasespace_msgs/phasespace_msgs/msg/detail/rigids__rosidl_typesupport_introspection_c.h
[3.197s] -- Installing: /home/ubuntu2204/ros2_ws/install/phasespace_msgs/include/phasespace_msgs/phasespace_msgs/msg/detail/markers__type_support.c
[3.197s] -- Installing: /home/ubuntu2204/ros2_ws/install/phasespace_msgs/include/phasespace_msgs/phasespace_msgs/msg/detail/cameras__rosidl_typesupport_introspection_c.h
[3.197s] -- Installing: /home/ubuntu2204/ros2_ws/install/phasespace_msgs/include/phasespace_msgs/phasespace_msgs/msg/detail/rigid__type_support.c
[3.197s] -- Installing: /home/ubuntu2204/ros2_ws/install/phasespace_msgs/include/phasespace_msgs/phasespace_msgs/msg/detail/rigids__type_support.c
[3.197s] -- Installing: /home/ubuntu2204/ros2_ws/install/phasespace_msgs/include/phasespace_msgs/phasespace_msgs/msg/detail/rigid__rosidl_typesupport_introspection_c.h
[3.198s] -- Installing: /home/ubuntu2204/ros2_ws/install/phasespace_msgs/include/phasespace_msgs/phasespace_msgs/msg/detail/camera__type_support.c
[3.198s] -- Installing: /home/ubuntu2204/ros2_ws/install/phasespace_msgs/include/phasespace_msgs/phasespace_msgs/msg/detail/marker__rosidl_typesupport_introspection_c.h
[3.198s] -- Installing: /home/ubuntu2204/ros2_ws/install/phasespace_msgs/include/phasespace_msgs/phasespace_msgs/msg/detail/camera__rosidl_typesupport_introspection_c.h
[3.198s] -- Installing: /home/ubuntu2204/ros2_ws/install/phasespace_msgs/include/phasespace_msgs/phasespace_msgs/msg/detail/marker__type_support.c
[3.198s] -- Installing: /home/ubuntu2204/ros2_ws/install/phasespace_msgs/include/phasespace_msgs/phasespace_msgs/msg/detail/cameras__type_support.c
[3.198s] -- Installing: /home/ubuntu2204/ros2_ws/install/phasespace_msgs/include/phasespace_msgs/phasespace_msgs/msg/detail/markers__rosidl_typesupport_introspection_c.h
[3.198s] -- Installing: /home/ubuntu2204/ros2_ws/install/phasespace_msgs/include/phasespace_msgs/phasespace_msgs/msg/rosidl_typesupport_introspection_c__visibility_control.h
[3.198s] -- Installing: /home/ubuntu2204/ros2_ws/install/phasespace_msgs/lib/libphasespace_msgs__rosidl_typesupport_introspection_c.so
[3.198s] -- Set runtime path of "/home/ubuntu2204/ros2_ws/install/phasespace_msgs/lib/libphasespace_msgs__rosidl_typesupport_introspection_c.so" to ""
[3.198s] -- Installing: /home/ubuntu2204/ros2_ws/install/phasespace_msgs/lib/libphasespace_msgs__rosidl_typesupport_c.so
[3.198s] -- Set runtime path of "/home/ubuntu2204/ros2_ws/install/phasespace_msgs/lib/libphasespace_msgs__rosidl_typesupport_c.so" to ""
[3.198s] -- Up-to-date: /home/ubuntu2204/ros2_ws/install/phasespace_msgs/include/phasespace_msgs/phasespace_msgs
[3.198s] -- Up-to-date: /home/ubuntu2204/ros2_ws/install/phasespace_msgs/include/phasespace_msgs/phasespace_msgs/msg
[3.198s] -- Installing: /home/ubuntu2204/ros2_ws/install/phasespace_msgs/include/phasespace_msgs/phasespace_msgs/msg/rigid.hpp
[3.198s] -- Installing: /home/ubuntu2204/ros2_ws/install/phasespace_msgs/include/phasespace_msgs/phasespace_msgs/msg/rosidl_generator_cpp__visibility_control.hpp
[3.198s] -- Installing: /home/ubuntu2204/ros2_ws/install/phasespace_msgs/include/phasespace_msgs/phasespace_msgs/msg/rigids.hpp
[3.198s] -- Installing: /home/ubuntu2204/ros2_ws/install/phasespace_msgs/include/phasespace_msgs/phasespace_msgs/msg/cameras.hpp
[3.198s] -- Up-to-date: /home/ubuntu2204/ros2_ws/install/phasespace_msgs/include/phasespace_msgs/phasespace_msgs/msg/detail
[3.199s] -- Installing: /home/ubuntu2204/ros2_ws/install/phasespace_msgs/include/phasespace_msgs/phasespace_msgs/msg/detail/marker__struct.hpp
[3.199s] -- Installing: /home/ubuntu2204/ros2_ws/install/phasespace_msgs/include/phasespace_msgs/phasespace_msgs/msg/detail/markers__struct.hpp
[3.199s] -- Installing: /home/ubuntu2204/ros2_ws/install/phasespace_msgs/include/phasespace_msgs/phasespace_msgs/msg/detail/camera__struct.hpp
[3.199s] -- Installing: /home/ubuntu2204/ros2_ws/install/phasespace_msgs/include/phasespace_msgs/phasespace_msgs/msg/detail/cameras__struct.hpp
[3.199s] -- Installing: /home/ubuntu2204/ros2_ws/install/phasespace_msgs/include/phasespace_msgs/phasespace_msgs/msg/detail/markers__type_support.hpp
[3.199s] -- Installing: /home/ubuntu2204/ros2_ws/install/phasespace_msgs/include/phasespace_msgs/phasespace_msgs/msg/detail/camera__builder.hpp
[3.199s] -- Installing: /home/ubuntu2204/ros2_ws/install/phasespace_msgs/include/phasespace_msgs/phasespace_msgs/msg/detail/rigid__builder.hpp
[3.199s] -- Installing: /home/ubuntu2204/ros2_ws/install/phasespace_msgs/include/phasespace_msgs/phasespace_msgs/msg/detail/marker__type_support.hpp
[3.199s] -- Installing: /home/ubuntu2204/ros2_ws/install/phasespace_msgs/include/phasespace_msgs/phasespace_msgs/msg/detail/rigids__struct.hpp
[3.199s] -- Installing: /home/ubuntu2204/ros2_ws/install/phasespace_msgs/include/phasespace_msgs/phasespace_msgs/msg/detail/marker__builder.hpp
[3.199s] -- Installing: /home/ubuntu2204/ros2_ws/install/phasespace_msgs/include/phasespace_msgs/phasespace_msgs/msg/detail/cameras__builder.hpp
[3.199s] -- Installing: /home/ubuntu2204/ros2_ws/install/phasespace_msgs/include/phasespace_msgs/phasespace_msgs/msg/detail/rigid__struct.hpp
[3.199s] -- Installing: /home/ubuntu2204/ros2_ws/install/phasespace_msgs/include/phasespace_msgs/phasespace_msgs/msg/detail/rigid__traits.hpp
[3.199s] -- Installing: /home/ubuntu2204/ros2_ws/install/phasespace_msgs/include/phasespace_msgs/phasespace_msgs/msg/detail/cameras__type_support.hpp
[3.199s] -- Installing: /home/ubuntu2204/ros2_ws/install/phasespace_msgs/include/phasespace_msgs/phasespace_msgs/msg/detail/markers__builder.hpp
[3.199s] -- Installing: /home/ubuntu2204/ros2_ws/install/phasespace_msgs/include/phasespace_msgs/phasespace_msgs/msg/detail/camera__type_support.hpp
[3.199s] -- Installing: /home/ubuntu2204/ros2_ws/install/phasespace_msgs/include/phasespace_msgs/phasespace_msgs/msg/detail/rigid__type_support.hpp
[3.199s] -- Installing: /home/ubuntu2204/ros2_ws/install/phasespace_msgs/include/phasespace_msgs/phasespace_msgs/msg/detail/camera__traits.hpp
[3.199s] -- Installing: /home/ubuntu2204/ros2_ws/install/phasespace_msgs/include/phasespace_msgs/phasespace_msgs/msg/detail/markers__traits.hpp
[3.199s] -- Installing: /home/ubuntu2204/ros2_ws/install/phasespace_msgs/include/phasespace_msgs/phasespace_msgs/msg/detail/rigids__type_support.hpp
[3.199s] -- Installing: /home/ubuntu2204/ros2_ws/install/phasespace_msgs/include/phasespace_msgs/phasespace_msgs/msg/detail/cameras__traits.hpp
[3.199s] -- Installing: /home/ubuntu2204/ros2_ws/install/phasespace_msgs/include/phasespace_msgs/phasespace_msgs/msg/detail/rigids__builder.hpp
[3.199s] -- Installing: /home/ubuntu2204/ros2_ws/install/phasespace_msgs/include/phasespace_msgs/phasespace_msgs/msg/detail/marker__traits.hpp
[3.199s] -- Installing: /home/ubuntu2204/ros2_ws/install/phasespace_msgs/include/phasespace_msgs/phasespace_msgs/msg/detail/rigids__traits.hpp
[3.199s] -- Installing: /home/ubuntu2204/ros2_ws/install/phasespace_msgs/include/phasespace_msgs/phasespace_msgs/msg/camera.hpp
[3.199s] -- Installing: /home/ubuntu2204/ros2_ws/install/phasespace_msgs/include/phasespace_msgs/phasespace_msgs/msg/markers.hpp
[3.200s] -- Installing: /home/ubuntu2204/ros2_ws/install/phasespace_msgs/include/phasespace_msgs/phasespace_msgs/msg/marker.hpp
[3.200s] -- Up-to-date: /home/ubuntu2204/ros2_ws/install/phasespace_msgs/include/phasespace_msgs/phasespace_msgs
[3.200s] -- Up-to-date: /home/ubuntu2204/ros2_ws/install/phasespace_msgs/include/phasespace_msgs/phasespace_msgs/msg
[3.200s] -- Up-to-date: /home/ubuntu2204/ros2_ws/install/phasespace_msgs/include/phasespace_msgs/phasespace_msgs/msg/detail
[3.200s] -- Installing: /home/ubuntu2204/ros2_ws/install/phasespace_msgs/include/phasespace_msgs/phasespace_msgs/msg/detail/marker__rosidl_typesupport_fastrtps_cpp.hpp
[3.200s] -- Installing: /home/ubuntu2204/ros2_ws/install/phasespace_msgs/include/phasespace_msgs/phasespace_msgs/msg/detail/cameras__rosidl_typesupport_fastrtps_cpp.hpp
[3.200s] -- Installing: /home/ubuntu2204/ros2_ws/install/phasespace_msgs/include/phasespace_msgs/phasespace_msgs/msg/detail/rigids__rosidl_typesupport_fastrtps_cpp.hpp
[3.200s] -- Installing: /home/ubuntu2204/ros2_ws/install/phasespace_msgs/include/phasespace_msgs/phasespace_msgs/msg/detail/camera__rosidl_typesupport_fastrtps_cpp.hpp
[3.200s] -- Installing: /home/ubuntu2204/ros2_ws/install/phasespace_msgs/include/phasespace_msgs/phasespace_msgs/msg/detail/dds_fastrtps
[3.200s] -- Installing: /home/ubuntu2204/ros2_ws/install/phasespace_msgs/include/phasespace_msgs/phasespace_msgs/msg/detail/rigid__rosidl_typesupport_fastrtps_cpp.hpp
[3.200s] -- Installing: /home/ubuntu2204/ros2_ws/install/phasespace_msgs/include/phasespace_msgs/phasespace_msgs/msg/detail/markers__rosidl_typesupport_fastrtps_cpp.hpp
[3.200s] -- Installing: /home/ubuntu2204/ros2_ws/install/phasespace_msgs/include/phasespace_msgs/phasespace_msgs/msg/rosidl_typesupport_fastrtps_cpp__visibility_control.h
[3.200s] -- Installing: /home/ubuntu2204/ros2_ws/install/phasespace_msgs/lib/libphasespace_msgs__rosidl_typesupport_fastrtps_cpp.so
[3.200s] -- Set runtime path of "/home/ubuntu2204/ros2_ws/install/phasespace_msgs/lib/libphasespace_msgs__rosidl_typesupport_fastrtps_cpp.so" to ""
[3.200s] -- Up-to-date: /home/ubuntu2204/ros2_ws/install/phasespace_msgs/include/phasespace_msgs/phasespace_msgs
[3.200s] -- Up-to-date: /home/ubuntu2204/ros2_ws/install/phasespace_msgs/include/phasespace_msgs/phasespace_msgs/msg
[3.200s] -- Up-to-date: /home/ubuntu2204/ros2_ws/install/phasespace_msgs/include/phasespace_msgs/phasespace_msgs/msg/detail
[3.200s] -- Installing: /home/ubuntu2204/ros2_ws/install/phasespace_msgs/include/phasespace_msgs/phasespace_msgs/msg/detail/camera__rosidl_typesupport_introspection_cpp.hpp
[3.201s] -- Installing: /home/ubuntu2204/ros2_ws/install/phasespace_msgs/include/phasespace_msgs/phasespace_msgs/msg/detail/rigids__rosidl_typesupport_introspection_cpp.hpp
[3.201s] -- Installing: /home/ubuntu2204/ros2_ws/install/phasespace_msgs/include/phasespace_msgs/phasespace_msgs/msg/detail/cameras__rosidl_typesupport_introspection_cpp.hpp
[3.201s] -- Installing: /home/ubuntu2204/ros2_ws/install/phasespace_msgs/include/phasespace_msgs/phasespace_msgs/msg/detail/rigids__type_support.cpp
[3.201s] -- Installing: /home/ubuntu2204/ros2_ws/install/phasespace_msgs/include/phasespace_msgs/phasespace_msgs/msg/detail/markers__type_support.cpp
[3.201s] -- Installing: /home/ubuntu2204/ros2_ws/install/phasespace_msgs/include/phasespace_msgs/phasespace_msgs/msg/detail/markers__rosidl_typesupport_introspection_cpp.hpp
[3.201s] -- Installing: /home/ubuntu2204/ros2_ws/install/phasespace_msgs/include/phasespace_msgs/phasespace_msgs/msg/detail/cameras__type_support.cpp
[3.201s] -- Installing: /home/ubuntu2204/ros2_ws/install/phasespace_msgs/include/phasespace_msgs/phasespace_msgs/msg/detail/camera__type_support.cpp
[3.201s] -- Installing: /home/ubuntu2204/ros2_ws/install/phasespace_msgs/include/phasespace_msgs/phasespace_msgs/msg/detail/marker__type_support.cpp
[3.201s] -- Installing: /home/ubuntu2204/ros2_ws/install/phasespace_msgs/include/phasespace_msgs/phasespace_msgs/msg/detail/rigid__rosidl_typesupport_introspection_cpp.hpp
[3.201s] -- Installing: /home/ubuntu2204/ros2_ws/install/phasespace_msgs/include/phasespace_msgs/phasespace_msgs/msg/detail/marker__rosidl_typesupport_introspection_cpp.hpp
[3.201s] -- Installing: /home/ubuntu2204/ros2_ws/install/phasespace_msgs/include/phasespace_msgs/phasespace_msgs/msg/detail/rigid__type_support.cpp
[3.201s] -- Installing: /home/ubuntu2204/ros2_ws/install/phasespace_msgs/lib/libphasespace_msgs__rosidl_typesupport_introspection_cpp.so
[3.201s] -- Set runtime path of "/home/ubuntu2204/ros2_ws/install/phasespace_msgs/lib/libphasespace_msgs__rosidl_typesupport_introspection_cpp.so" to ""
[3.201s] -- Installing: /home/ubuntu2204/ros2_ws/install/phasespace_msgs/lib/libphasespace_msgs__rosidl_typesupport_cpp.so
[3.201s] -- Set runtime path of "/home/ubuntu2204/ros2_ws/install/phasespace_msgs/lib/libphasespace_msgs__rosidl_typesupport_cpp.so" to ""
[3.201s] -- Installing: /home/ubuntu2204/ros2_ws/install/phasespace_msgs/share/phasespace_msgs/environment/pythonpath.sh
[3.201s] -- Installing: /home/ubuntu2204/ros2_ws/install/phasespace_msgs/share/phasespace_msgs/environment/pythonpath.dsv
[3.201s] -- Installing: /home/ubuntu2204/ros2_ws/install/phasespace_msgs/local/lib/python3.10/dist-packages/phasespace_msgs-0.0.0-py3.10.egg-info
[3.201s] -- Installing: /home/ubuntu2204/ros2_ws/install/phasespace_msgs/local/lib/python3.10/dist-packages/phasespace_msgs-0.0.0-py3.10.egg-info/PKG-INFO
[3.201s] -- Installing: /home/ubuntu2204/ros2_ws/install/phasespace_msgs/local/lib/python3.10/dist-packages/phasespace_msgs-0.0.0-py3.10.egg-info/SOURCES.txt
[3.201s] -- Installing: /home/ubuntu2204/ros2_ws/install/phasespace_msgs/local/lib/python3.10/dist-packages/phasespace_msgs-0.0.0-py3.10.egg-info/dependency_links.txt
[3.202s] -- Installing: /home/ubuntu2204/ros2_ws/install/phasespace_msgs/local/lib/python3.10/dist-packages/phasespace_msgs-0.0.0-py3.10.egg-info/top_level.txt
[3.202s] -- Installing: /home/ubuntu2204/ros2_ws/install/phasespace_msgs/local/lib/python3.10/dist-packages/phasespace_msgs
[3.202s] -- Installing: /home/ubuntu2204/ros2_ws/install/phasespace_msgs/local/lib/python3.10/dist-packages/phasespace_msgs/_phasespace_msgs_s.ep.rosidl_typesupport_fastrtps_c.c
[3.202s] -- Installing: /home/ubuntu2204/ros2_ws/install/phasespace_msgs/local/lib/python3.10/dist-packages/phasespace_msgs/__init__.py
[3.202s] -- Installing: /home/ubuntu2204/ros2_ws/install/phasespace_msgs/local/lib/python3.10/dist-packages/phasespace_msgs/msg
[3.202s] -- Installing: /home/ubuntu2204/ros2_ws/install/phasespace_msgs/local/lib/python3.10/dist-packages/phasespace_msgs/msg/_marker_s.c
[3.202s] -- Installing: /home/ubuntu2204/ros2_ws/install/phasespace_msgs/local/lib/python3.10/dist-packages/phasespace_msgs/msg/_marker.py
[3.202s] -- Installing: /home/ubuntu2204/ros2_ws/install/phasespace_msgs/local/lib/python3.10/dist-packages/phasespace_msgs/msg/__init__.py
[3.202s] -- Installing: /home/ubuntu2204/ros2_ws/install/phasespace_msgs/local/lib/python3.10/dist-packages/phasespace_msgs/msg/_cameras_s.c
[3.202s] -- Installing: /home/ubuntu2204/ros2_ws/install/phasespace_msgs/local/lib/python3.10/dist-packages/phasespace_msgs/msg/_camera_s.c
[3.202s] -- Installing: /home/ubuntu2204/ros2_ws/install/phasespace_msgs/local/lib/python3.10/dist-packages/phasespace_msgs/msg/_cameras.py
[3.202s] -- Installing: /home/ubuntu2204/ros2_ws/install/phasespace_msgs/local/lib/python3.10/dist-packages/phasespace_msgs/msg/_rigids_s.c
[3.202s] -- Installing: /home/ubuntu2204/ros2_ws/install/phasespace_msgs/local/lib/python3.10/dist-packages/phasespace_msgs/msg/_rigid.py
[3.202s] -- Installing: /home/ubuntu2204/ros2_ws/install/phasespace_msgs/local/lib/python3.10/dist-packages/phasespace_msgs/msg/_rigid_s.c
[3.202s] -- Installing: /home/ubuntu2204/ros2_ws/install/phasespace_msgs/local/lib/python3.10/dist-packages/phasespace_msgs/msg/_rigids.py
[3.202s] -- Installing: /home/ubuntu2204/ros2_ws/install/phasespace_msgs/local/lib/python3.10/dist-packages/phasespace_msgs/msg/_markers_s.c
[3.202s] -- Installing: /home/ubuntu2204/ros2_ws/install/phasespace_msgs/local/lib/python3.10/dist-packages/phasespace_msgs/msg/_camera.py
[3.202s] -- Installing: /home/ubuntu2204/ros2_ws/install/phasespace_msgs/local/lib/python3.10/dist-packages/phasespace_msgs/msg/_markers.py
[3.202s] -- Installing: /home/ubuntu2204/ros2_ws/install/phasespace_msgs/local/lib/python3.10/dist-packages/phasespace_msgs/_phasespace_msgs_s.ep.rosidl_typesupport_c.c
[3.202s] -- Installing: /home/ubuntu2204/ros2_ws/install/phasespace_msgs/local/lib/python3.10/dist-packages/phasespace_msgs/phasespace_msgs_s__rosidl_typesupport_introspection_c.cpython-310-x86_64-linux-gnu.so
[3.202s] -- Installing: /home/ubuntu2204/ros2_ws/install/phasespace_msgs/local/lib/python3.10/dist-packages/phasespace_msgs/phasespace_msgs_s__rosidl_typesupport_c.cpython-310-x86_64-linux-gnu.so
[3.202s] -- Installing: /home/ubuntu2204/ros2_ws/install/phasespace_msgs/local/lib/python3.10/dist-packages/phasespace_msgs/libphasespace_msgs__rosidl_generator_py.so
[3.202s] -- Installing: /home/ubuntu2204/ros2_ws/install/phasespace_msgs/local/lib/python3.10/dist-packages/phasespace_msgs/phasespace_msgs_s__rosidl_typesupport_fastrtps_c.cpython-310-x86_64-linux-gnu.so
[3.202s] -- Installing: /home/ubuntu2204/ros2_ws/install/phasespace_msgs/local/lib/python3.10/dist-packages/phasespace_msgs/_phasespace_msgs_s.ep.rosidl_typesupport_introspection_c.c
[3.226s] Listing '/home/ubuntu2204/ros2_ws/install/phasespace_msgs/local/lib/python3.10/dist-packages/phasespace_msgs'...
[3.227s] Compiling '/home/ubuntu2204/ros2_ws/install/phasespace_msgs/local/lib/python3.10/dist-packages/phasespace_msgs/__init__.py'...
[3.227s] Listing '/home/ubuntu2204/ros2_ws/install/phasespace_msgs/local/lib/python3.10/dist-packages/phasespace_msgs/msg'...
[3.227s] Compiling '/home/ubuntu2204/ros2_ws/install/phasespace_msgs/local/lib/python3.10/dist-packages/phasespace_msgs/msg/__init__.py'...
[3.227s] Compiling '/home/ubuntu2204/ros2_ws/install/phasespace_msgs/local/lib/python3.10/dist-packages/phasespace_msgs/msg/_camera.py'...
[3.227s] Compiling '/home/ubuntu2204/ros2_ws/install/phasespace_msgs/local/lib/python3.10/dist-packages/phasespace_msgs/msg/_cameras.py'...
[3.227s] Compiling '/home/ubuntu2204/ros2_ws/install/phasespace_msgs/local/lib/python3.10/dist-packages/phasespace_msgs/msg/_marker.py'...
[3.227s] Compiling '/home/ubuntu2204/ros2_ws/install/phasespace_msgs/local/lib/python3.10/dist-packages/phasespace_msgs/msg/_markers.py'...
[3.227s] Compiling '/home/ubuntu2204/ros2_ws/install/phasespace_msgs/local/lib/python3.10/dist-packages/phasespace_msgs/msg/_rigid.py'...
[3.227s] Compiling '/home/ubuntu2204/ros2_ws/install/phasespace_msgs/local/lib/python3.10/dist-packages/phasespace_msgs/msg/_rigids.py'...
[3.229s] -- Installing: /home/ubuntu2204/ros2_ws/install/phasespace_msgs/local/lib/python3.10/dist-packages/phasespace_msgs/phasespace_msgs_s__rosidl_typesupport_fastrtps_c.cpython-310-x86_64-linux-gnu.so
[3.229s] -- Set runtime path of "/home/ubuntu2204/ros2_ws/install/phasespace_msgs/local/lib/python3.10/dist-packages/phasespace_msgs/phasespace_msgs_s__rosidl_typesupport_fastrtps_c.cpython-310-x86_64-linux-gnu.so" to ""
[3.229s] -- Installing: /home/ubuntu2204/ros2_ws/install/phasespace_msgs/local/lib/python3.10/dist-packages/phasespace_msgs/phasespace_msgs_s__rosidl_typesupport_introspection_c.cpython-310-x86_64-linux-gnu.so
[3.229s] -- Set runtime path of "/home/ubuntu2204/ros2_ws/install/phasespace_msgs/local/lib/python3.10/dist-packages/phasespace_msgs/phasespace_msgs_s__rosidl_typesupport_introspection_c.cpython-310-x86_64-linux-gnu.so" to ""
[3.230s] -- Installing: /home/ubuntu2204/ros2_ws/install/phasespace_msgs/local/lib/python3.10/dist-packages/phasespace_msgs/phasespace_msgs_s__rosidl_typesupport_c.cpython-310-x86_64-linux-gnu.so
[3.230s] -- Set runtime path of "/home/ubuntu2204/ros2_ws/install/phasespace_msgs/local/lib/python3.10/dist-packages/phasespace_msgs/phasespace_msgs_s__rosidl_typesupport_c.cpython-310-x86_64-linux-gnu.so" to ""
[3.230s] -- Installing: /home/ubuntu2204/ros2_ws/install/phasespace_msgs/lib/libphasespace_msgs__rosidl_generator_py.so
[3.230s] -- Set runtime path of "/home/ubuntu2204/ros2_ws/install/phasespace_msgs/lib/libphasespace_msgs__rosidl_generator_py.so" to ""
[3.230s] -- Installing: /home/ubuntu2204/ros2_ws/install/phasespace_msgs/share/phasespace_msgs/msg/Camera.idl
[3.230s] -- Installing: /home/ubuntu2204/ros2_ws/install/phasespace_msgs/share/phasespace_msgs/msg/Cameras.idl
[3.230s] -- Installing: /home/ubuntu2204/ros2_ws/install/phasespace_msgs/share/phasespace_msgs/msg/Marker.idl
[3.230s] -- Installing: /home/ubuntu2204/ros2_ws/install/phasespace_msgs/share/phasespace_msgs/msg/Markers.idl
[3.230s] -- Installing: /home/ubuntu2204/ros2_ws/install/phasespace_msgs/share/phasespace_msgs/msg/Rigid.idl
[3.230s] -- Installing: /home/ubuntu2204/ros2_ws/install/phasespace_msgs/share/phasespace_msgs/msg/Rigids.idl
[3.230s] -- Installing: /home/ubuntu2204/ros2_ws/install/phasespace_msgs/share/phasespace_msgs/msg/Camera.msg
[3.230s] -- Installing: /home/ubuntu2204/ros2_ws/install/phasespace_msgs/share/phasespace_msgs/msg/Cameras.msg
[3.230s] -- Installing: /home/ubuntu2204/ros2_ws/install/phasespace_msgs/share/phasespace_msgs/msg/Marker.msg
[3.230s] -- Installing: /home/ubuntu2204/ros2_ws/install/phasespace_msgs/share/phasespace_msgs/msg/Markers.msg
[3.230s] -- Installing: /home/ubuntu2204/ros2_ws/install/phasespace_msgs/share/phasespace_msgs/msg/Rigid.msg
[3.230s] -- Installing: /home/ubuntu2204/ros2_ws/install/phasespace_msgs/share/phasespace_msgs/msg/Rigids.msg
[3.230s] -- Installing: /home/ubuntu2204/ros2_ws/install/phasespace_msgs/share/ament_index/resource_index/package_run_dependencies/phasespace_msgs
[3.230s] -- Installing: /home/ubuntu2204/ros2_ws/install/phasespace_msgs/share/ament_index/resource_index/parent_prefix_path/phasespace_msgs
[3.230s] -- Installing: /home/ubuntu2204/ros2_ws/install/phasespace_msgs/share/phasespace_msgs/environment/ament_prefix_path.sh
[3.230s] -- Installing: /home/ubuntu2204/ros2_ws/install/phasespace_msgs/share/phasespace_msgs/environment/ament_prefix_path.dsv
[3.231s] -- Installing: /home/ubuntu2204/ros2_ws/install/phasespace_msgs/share/phasespace_msgs/environment/path.sh
[3.231s] -- Installing: /home/ubuntu2204/ros2_ws/install/phasespace_msgs/share/phasespace_msgs/environment/path.dsv
[3.231s] -- Installing: /home/ubuntu2204/ros2_ws/install/phasespace_msgs/share/phasespace_msgs/local_setup.bash
[3.231s] -- Installing: /home/ubuntu2204/ros2_ws/install/phasespace_msgs/share/phasespace_msgs/local_setup.sh
[3.231s] -- Installing: /home/ubuntu2204/ros2_ws/install/phasespace_msgs/share/phasespace_msgs/local_setup.zsh
[3.231s] -- Installing: /home/ubuntu2204/ros2_ws/install/phasespace_msgs/share/phasespace_msgs/local_setup.dsv
[3.231s] -- Installing: /home/ubuntu2204/ros2_ws/install/phasespace_msgs/share/phasespace_msgs/package.dsv
[3.231s] -- Installing: /home/ubuntu2204/ros2_ws/install/phasespace_msgs/share/ament_index/resource_index/packages/phasespace_msgs
[3.231s] -- Installing: /home/ubuntu2204/ros2_ws/install/phasespace_msgs/share/phasespace_msgs/cmake/export_phasespace_msgs__rosidl_generator_cExport.cmake
[3.231s] -- Installing: /home/ubuntu2204/ros2_ws/install/phasespace_msgs/share/phasespace_msgs/cmake/export_phasespace_msgs__rosidl_generator_cExport-noconfig.cmake
[3.231s] -- Installing: /home/ubuntu2204/ros2_ws/install/phasespace_msgs/share/phasespace_msgs/cmake/export_phasespace_msgs__rosidl_typesupport_fastrtps_cExport.cmake
[3.231s] -- Installing: /home/ubuntu2204/ros2_ws/install/phasespace_msgs/share/phasespace_msgs/cmake/export_phasespace_msgs__rosidl_typesupport_fastrtps_cExport-noconfig.cmake
[3.231s] -- Installing: /home/ubuntu2204/ros2_ws/install/phasespace_msgs/share/phasespace_msgs/cmake/phasespace_msgs__rosidl_typesupport_introspection_cExport.cmake
[3.231s] -- Installing: /home/ubuntu2204/ros2_ws/install/phasespace_msgs/share/phasespace_msgs/cmake/phasespace_msgs__rosidl_typesupport_introspection_cExport-noconfig.cmake
[3.231s] -- Installing: /home/ubuntu2204/ros2_ws/install/phasespace_msgs/share/phasespace_msgs/cmake/phasespace_msgs__rosidl_typesupport_cExport.cmake
[3.231s] -- Installing: /home/ubuntu2204/ros2_ws/install/phasespace_msgs/share/phasespace_msgs/cmake/phasespace_msgs__rosidl_typesupport_cExport-noconfig.cmake
[3.231s] -- Installing: /home/ubuntu2204/ros2_ws/install/phasespace_msgs/share/phasespace_msgs/cmake/export_phasespace_msgs__rosidl_generator_cppExport.cmake
[3.231s] -- Installing: /home/ubuntu2204/ros2_ws/install/phasespace_msgs/share/phasespace_msgs/cmake/export_phasespace_msgs__rosidl_typesupport_fastrtps_cppExport.cmake
[3.231s] -- Installing: /home/ubuntu2204/ros2_ws/install/phasespace_msgs/share/phasespace_msgs/cmake/export_phasespace_msgs__rosidl_typesupport_fastrtps_cppExport-noconfig.cmake
[3.231s] -- Installing: /home/ubuntu2204/ros2_ws/install/phasespace_msgs/share/phasespace_msgs/cmake/phasespace_msgs__rosidl_typesupport_introspection_cppExport.cmake
[3.231s] -- Installing: /home/ubuntu2204/ros2_ws/install/phasespace_msgs/share/phasespace_msgs/cmake/phasespace_msgs__rosidl_typesupport_introspection_cppExport-noconfig.cmake
[3.231s] -- Installing: /home/ubuntu2204/ros2_ws/install/phasespace_msgs/share/phasespace_msgs/cmake/phasespace_msgs__rosidl_typesupport_cppExport.cmake
[3.231s] -- Installing: /home/ubuntu2204/ros2_ws/install/phasespace_msgs/share/phasespace_msgs/cmake/phasespace_msgs__rosidl_typesupport_cppExport-noconfig.cmake
[3.232s] -- Installing: /home/ubuntu2204/ros2_ws/install/phasespace_msgs/share/phasespace_msgs/cmake/export_phasespace_msgs__rosidl_generator_pyExport.cmake
[3.232s] -- Installing: /home/ubuntu2204/ros2_ws/install/phasespace_msgs/share/phasespace_msgs/cmake/export_phasespace_msgs__rosidl_generator_pyExport-noconfig.cmake
[3.232s] -- Installing: /home/ubuntu2204/ros2_ws/install/phasespace_msgs/share/phasespace_msgs/cmake/rosidl_cmake-extras.cmake
[3.232s] -- Installing: /home/ubuntu2204/ros2_ws/install/phasespace_msgs/share/phasespace_msgs/cmake/ament_cmake_export_dependencies-extras.cmake
[3.232s] -- Installing: /home/ubuntu2204/ros2_ws/install/phasespace_msgs/share/phasespace_msgs/cmake/ament_cmake_export_include_directories-extras.cmake
[3.232s] -- Installing: /home/ubuntu2204/ros2_ws/install/phasespace_msgs/share/phasespace_msgs/cmake/ament_cmake_export_libraries-extras.cmake
[3.232s] -- Installing: /home/ubuntu2204/ros2_ws/install/phasespace_msgs/share/phasespace_msgs/cmake/ament_cmake_export_targets-extras.cmake
[3.232s] -- Installing: /home/ubuntu2204/ros2_ws/install/phasespace_msgs/share/phasespace_msgs/cmake/rosidl_cmake_export_typesupport_targets-extras.cmake
[3.232s] -- Installing: /home/ubuntu2204/ros2_ws/install/phasespace_msgs/share/phasespace_msgs/cmake/rosidl_cmake_export_typesupport_libraries-extras.cmake
[3.232s] -- Installing: /home/ubuntu2204/ros2_ws/install/phasespace_msgs/share/phasespace_msgs/cmake/phasespace_msgsConfig.cmake
[3.232s] -- Installing: /home/ubuntu2204/ros2_ws/install/phasespace_msgs/share/phasespace_msgs/cmake/phasespace_msgsConfig-version.cmake
[3.232s] -- Installing: /home/ubuntu2204/ros2_ws/install/phasespace_msgs/share/phasespace_msgs/package.xml
[3.233s] Invoked command in '/home/ubuntu2204/ros2_ws/build/phasespace_msgs' returned '0': CMAKE_PREFIX_PATH=${CMAKE_PREFIX_PATH}:/opt/ros/humble /usr/bin/cmake --install /home/ubuntu2204/ros2_ws/build/phasespace_msgs
